[{"Product":{"Id":"00000000-0000-0000-0000-000000000000","Name":"Product111","Price":0.0,"MeasureUnitCode":null},"Message":"Bad price","Severity":1},{"Product":{"Id":"00000000-0000-0000-0000-000000000000","Name":"Product222","Price":0.0,"MeasureUnitCode":null},"Message":"Bad price","Severity":1},{"Product":{"Id":"00000000-0000-0000-0000-000000000000","Name":"Product333","Price":0.0,"MeasureUnitCode":null},"Message":"Bad price","Severity":1}]