[{"Product":{"Id":"00000000-0000-0000-0000-000000000000","Name":null,"Price":-100.0,"MeasureUnitCode":"measure01"},"Message":"Bad price","Severity":1},{"Product":{"Id":"00000000-0000-0000-0000-000000000000","Name":null,"Price":-100.0,"MeasureUnitCode":"measure02"},"Message":"Bad price","Severity":1},{"Product":{"Id":"00000000-0000-0000-0000-000000000000","Name":null,"Price":-100.0,"MeasureUnitCode":"measure02"},"Message":"Bad units of measure","Severity":1},{"Product":{"Id":"00000000-0000-0000-0000-000000000000","Name":null,"Price":0.0,"MeasureUnitCode":"measure01"},"Message":"Bad price","Severity":1},{"Product":{"Id":"00000000-0000-0000-0000-000000000000","Name":null,"Price":0.0,"MeasureUnitCode":"measure02"},"Message":"Bad price","Severity":1},{"Product":{"Id":"00000000-0000-0000-0000-000000000000","Name":null,"Price":0.0,"MeasureUnitCode":"measure02"},"Message":"Bad units of measure","Severity":1},{"Product":{"Id":"00000000-0000-0000-0000-000000000000","Name":null,"Price":100.0,"MeasureUnitCode":"measure02"},"Message":"Bad units of measure","Severity":1}]